#-----------------------------------------------------------
# Vivado v2016.4 (64-bit)
# SW Build 1756540 on Mon Jan 23 19:11:23 MST 2017
# IP Build 1755317 on Mon Jan 23 20:30:07 MST 2017
# Start of session at: Sun Dec 02 17:26:55 2018
# Process ID: 18396
# Current directory: F:/Project/Github/AC701-DualMB-System/Final_Project_RTES
# Command line: vivado.exe -gui_launcher_event rodinguilauncherevent1100 F:\Project\Github\AC701-DualMB-System\Final_Project_RTES\Final_Project_RTES.xpr
# Log file: F:/Project/Github/AC701-DualMB-System/Final_Project_RTES/vivado.log
# Journal file: F:/Project/Github/AC701-DualMB-System/Final_Project_RTES\vivado.jou
#-----------------------------------------------------------
start_gui
open_project F:/Project/Github/AC701-DualMB-System/Final_Project_RTES/Final_Project_RTES.xpr
launch_sdk -workspace F:/Project/Github/AC701-DualMB-System/Final_Project_RTES/Final_Project_RTES.sdk -hwspec F:/Project/Github/AC701-DualMB-System/Final_Project_RTES/Final_Project_RTES.sdk/system_top.hdf
file mkdir F:/Project/Github/AC701-DualMB-System/Final_Project_RTES/Final_Project_RTES.sdk
file copy -force F:/Project/Github/AC701-DualMB-System/Final_Project_RTES/Final_Project_RTES.runs/impl_1/system_top.sysdef F:/Project/Github/AC701-DualMB-System/Final_Project_RTES/Final_Project_RTES.sdk/system_top.hdf

